// Jest Snapshot v1, https://goo.gl/fbAQLP

exports[`Snapshot <Footer /> comprobar UI del elemento <Footer /> 1`] = `
<div
  className="Footer-wrapper"
>
  <p
    className="Footer-title"
  >
    Platzi Store
  </p>
  <p
    className="Footer-copy"
  >
    Todos los Izquierdos Reservados
  </p>
</div>
`;
