// Jest Snapshot v1, https://goo.gl/fbAQLP

exports[`Snapshot <Header /> comprobar UI del elemento <Header /> 1`] = `
Array [
  <div
    className="Header"
  >
    <h1
      className="Header-title"
    >
      <a
        href="/"
        onClick={[Function]}
      >
        Platzi Store
      </a>
    </h1>
    <div
      className="Header-checkout"
    >
      <a
        href="/checkout"
        onClick={[Function]}
      >
        <i
          className="fas fa-shopping-basket"
        />
      </a>
    </div>
  </div>,
  "//componentes que necesitan ser estrcuturados desde este mock",
]
`;
